// Vitest Snapshot v1, https://vitest.dev/guide/snapshot.html

exports[`should hide tag when the show prop is false 1`] = `
"<transition-stub appear="false" persisted="false" css="true">
  <!---->
</transition-stub>"
`;

exports[`should render border-color correctly 1`] = `
<transition-stub
  appear="false"
  persisted="false"
  css="true"
>
  <span
    style="color: blue; border-color: red;"
    class="van-tag van-tag--plain van-tag--default"
  >
  </span>
</transition-stub>
`;
