// Vitest Snapshot v1, https://vitest.dev/guide/snapshot.html

exports[`should render demo and match snapshot 1`] = `
<div class="van-tabs van-tabs--line">
  <div class="van-tabs__wrap">
    <div
      role="tablist"
      class="van-tabs__nav van-tabs__nav--line"
      aria-orientation="horizontal"
    >
      <div
        id="van-tabs-0"
        role="tab"
        class="van-tab van-tab--line van-tab--active"
        tabindex="0"
        aria-selected="true"
        aria-controls="van-tab"
      >
        <span class="van-tab__text van-tab__text--ellipsis">
          Basic Usage
        </span>
      </div>
      <div
        id="van-tabs-1"
        role="tab"
        class="van-tab van-tab--line"
        tabindex="-1"
        aria-selected="false"
        aria-controls="van-tab"
      >
        <span class="van-tab__text van-tab__text--ellipsis">
          Free Magnetic
        </span>
      </div>
      <div
        id="van-tabs-2"
        role="tab"
        class="van-tab van-tab--line"
        tabindex="-1"
        aria-selected="false"
        aria-controls="van-tab"
      >
        <span class="van-tab__text van-tab__text--ellipsis">
          vModel
        </span>
      </div>
      <div
        class="van-tabs__line"
        style="transform: translateX(50px) translateX(-50%);"
      >
      </div>
    </div>
  </div>
  <div class="van-tabs__content">
    <div
      id="van-tab"
      role="tabpanel"
      class="van-tab__panel"
      tabindex="0"
      aria-labelledby="van-tabs-0"
      style
    >
      <p class="text">
        In the default x position, drag in the y direction is allowed
      </p>
    </div>
    <div
      id="van-tab"
      role="tabpanel"
      class="van-tab__panel"
      tabindex="-1"
      aria-labelledby="van-tabs-1"
      style="display: none;"
    >
    </div>
    <div
      id="van-tab"
      role="tabpanel"
      class="van-tab__panel"
      tabindex="-1"
      aria-labelledby="van-tabs-2"
      style="display: none;"
    >
    </div>
  </div>
</div>
`;
