// Vitest Snapshot v1, https://vitest.dev/guide/snapshot.html

exports[`should render demo and match snapshot 1`] = `
<!--[-->
<div>
  <!--[-->
  <div
    class="van-cell van-cell--clickable"
    role="button"
    tabindex="0"
  >
    <div
      class="van-cell__title"
      style
    >
      <span>
        Basic Usage
      </span>
    </div>
    <i
      class="van-badge__wrapper van-icon van-icon-arrow van-cell__right-icon"
      style
    >
      <!--[-->
    </i>
  </div>
</div>
<div>
  <!--[-->
  <div
    class="van-cell van-cell--clickable"
    role="button"
    tabindex="0"
  >
    <div
      class="van-cell__title"
      style
    >
      <span>
        Primary
      </span>
    </div>
    <i
      class="van-badge__wrapper van-icon van-icon-arrow van-cell__right-icon"
      style
    >
      <!--[-->
    </i>
  </div>
  <div
    class="van-cell van-cell--clickable"
    role="button"
    tabindex="0"
  >
    <div
      class="van-cell__title"
      style
    >
      <span>
        Success
      </span>
    </div>
    <i
      class="van-badge__wrapper van-icon van-icon-arrow van-cell__right-icon"
      style
    >
      <!--[-->
    </i>
  </div>
  <div
    class="van-cell van-cell--clickable"
    role="button"
    tabindex="0"
  >
    <div
      class="van-cell__title"
      style
    >
      <span>
        Danger
      </span>
    </div>
    <i
      class="van-badge__wrapper van-icon van-icon-arrow van-cell__right-icon"
      style
    >
      <!--[-->
    </i>
  </div>
  <div
    class="van-cell van-cell--clickable"
    role="button"
    tabindex="0"
  >
    <div
      class="van-cell__title"
      style
    >
      <span>
        Warning
      </span>
    </div>
    <i
      class="van-badge__wrapper van-icon van-icon-arrow van-cell__right-icon"
      style
    >
      <!--[-->
    </i>
  </div>
</div>
<div>
  <!--[-->
  <div
    class="van-cell van-cell--clickable"
    role="button"
    tabindex="0"
  >
    <div
      class="van-cell__title"
      style
    >
      <span>
        Custom Color
      </span>
    </div>
    <i
      class="van-badge__wrapper van-icon van-icon-arrow van-cell__right-icon"
      style
    >
      <!--[-->
    </i>
  </div>
  <div
    class="van-cell van-cell--clickable"
    role="button"
    tabindex="0"
  >
    <div
      class="van-cell__title"
      style
    >
      <span>
        Custom Position
      </span>
    </div>
    <i
      class="van-badge__wrapper van-icon van-icon-arrow van-cell__right-icon"
      style
    >
      <!--[-->
    </i>
  </div>
  <div
    class="van-cell van-cell--clickable"
    role="button"
    tabindex="0"
  >
    <div
      class="van-cell__title"
      style
    >
      <span>
        Custom Duration
      </span>
    </div>
    <i
      class="van-badge__wrapper van-icon van-icon-arrow van-cell__right-icon"
      style
    >
      <!--[-->
    </i>
  </div>
</div>
<div>
  <!--[-->
  <div
    class="van-cell van-cell--clickable"
    role="button"
    tabindex="0"
  >
    <div
      class="van-cell__title"
      style
    >
      <span>
        Use Notify Component
      </span>
    </div>
    <i
      class="van-badge__wrapper van-icon van-icon-arrow van-cell__right-icon"
      style
    >
      <!--[-->
    </i>
  </div>
  <!--[-->
</div>
`;
