// Vitest Snapshot v1, https://vitest.dev/guide/snapshot.html

exports[`should render demo and match snapshot 1`] = `
<!--[-->
<div>
  <!--[-->
  <div
    style
    class="van-nav-bar van-hairline--bottom"
  >
    <div class="van-nav-bar__content">
      <div class="van-nav-bar__title van-ellipsis">
        Title
      </div>
    </div>
  </div>
</div>
<div>
  <!--[-->
  <div
    style
    class="van-nav-bar van-hairline--bottom"
  >
    <div class="van-nav-bar__content">
      <div class="van-nav-bar__left van-haptics-feedback">
        <!--[-->
        <i
          class="van-badge__wrapper van-icon van-icon-arrow-left van-nav-bar__arrow"
          style
        >
          <!--[-->
        </i>
        <span class="van-nav-bar__text">
          Back
        </span>
      </div>
      <div class="van-nav-bar__title van-ellipsis">
        Title
      </div>
    </div>
  </div>
</div>
<div>
  <!--[-->
  <div
    style
    class="van-nav-bar van-hairline--bottom"
  >
    <div class="van-nav-bar__content">
      <div class="van-nav-bar__left van-haptics-feedback">
        <!--[-->
        <i
          class="van-badge__wrapper van-icon van-icon-arrow-left van-nav-bar__arrow"
          style
        >
          <!--[-->
        </i>
        <span class="van-nav-bar__text">
          Back
        </span>
      </div>
      <div class="van-nav-bar__title van-ellipsis">
        Title
      </div>
      <div class="van-nav-bar__right van-haptics-feedback">
        <span class="van-nav-bar__text">
          Button
        </span>
      </div>
    </div>
  </div>
</div>
<div>
  <!--[-->
  <div
    style
    class="van-nav-bar van-hairline--bottom"
  >
    <div class="van-nav-bar__content">
      <div class="van-nav-bar__left van-haptics-feedback">
        <!--[-->
        <i
          class="van-badge__wrapper van-icon van-icon-arrow-left van-nav-bar__arrow"
          style
        >
          <!--[-->
        </i>
        <span class="van-nav-bar__text">
          Back
        </span>
      </div>
      <div class="van-nav-bar__title van-ellipsis">
        Title
      </div>
      <div class="van-nav-bar__right van-haptics-feedback">
        <!--[-->
        <i
          class="van-badge__wrapper van-icon van-icon-search"
          style="font-size:18px;"
        >
          <!--[-->
        </i>
      </div>
    </div>
  </div>
</div>
<div>
  <!--[-->
  <div
    style
    class="van-nav-bar van-hairline--bottom"
  >
    <div class="van-nav-bar__content">
      <div class="van-nav-bar__left van-nav-bar__left--disabled">
        <!--[-->
        <i
          class="van-badge__wrapper van-icon van-icon-arrow-left van-nav-bar__arrow"
          style
        >
          <!--[-->
        </i>
        <span class="van-nav-bar__text">
          Back
        </span>
      </div>
      <div class="van-nav-bar__title van-ellipsis">
        Title
      </div>
      <div class="van-nav-bar__right van-nav-bar__right--disabled">
        <span class="van-nav-bar__text">
          Button
        </span>
      </div>
    </div>
  </div>
</div>
`;
