// Vitest Snapshot v1, https://vitest.dev/guide/snapshot.html

exports[`should render demo and match snapshot 1`] = `
<div>
  <button
    type="button"
    class="van-button van-button--primary van-button--normal"
    style="margin-left: 16px;"
  >
    <div class="van-button__content">
      <span class="van-button__text">
        Show Overlay
      </span>
    </div>
  </button>
  <transition-stub
    name="van-fade"
    appear="true"
    persisted="false"
    css="true"
  >
  </transition-stub>
</div>
<div>
  <button
    type="button"
    class="van-button van-button--primary van-button--normal"
    style="margin-left: 16px;"
  >
    <div class="van-button__content">
      <span class="van-button__text">
        Embedded Content
      </span>
    </div>
  </button>
  <transition-stub
    name="van-fade"
    appear="true"
    persisted="false"
    css="true"
  >
  </transition-stub>
</div>
<div>
  <button
    type="button"
    class="van-button van-button--primary van-button--normal"
    style="margin-left: 16px;"
  >
    <div class="van-button__content">
      <span class="van-button__text">
        Set z-index
      </span>
    </div>
  </button>
  <transition-stub
    name="van-fade"
    appear="true"
    persisted="false"
    css="true"
  >
  </transition-stub>
</div>
`;
