// Vitest Snapshot v1, https://vitest.dev/guide/snapshot.html

exports[`should allow to disable lazy-render 1`] = `
<transition-stub
  name="van-fade"
  appear="true"
  persisted="false"
  css="true"
>
  <div
    class="van-overlay"
    style="display: none;"
  >
  </div>
</transition-stub>
`;

exports[`should render default slot correctly 1`] = `
"<transition-stub name="van-fade" appear="true" persisted="false" css="true">
  <!---->
</transition-stub>"
`;
