// Vitest Snapshot v1, https://vitest.dev/guide/snapshot.html

exports[`should render demo and match snapshot 1`] = `
<!--[-->
<div>
  <!--[-->
  <div
    class="van-cell van-cell--clickable"
    role="button"
    tabindex="0"
  >
    <div
      class="van-cell__title"
      style
    >
      <span>
        Text
      </span>
    </div>
    <i
      class="van-badge__wrapper van-icon van-icon-arrow van-cell__right-icon"
      style
    >
      <!--[-->
    </i>
  </div>
  <div
    class="van-cell van-cell--clickable"
    role="button"
    tabindex="0"
  >
    <div
      class="van-cell__title"
      style
    >
      <span>
        Loading
      </span>
    </div>
    <i
      class="van-badge__wrapper van-icon van-icon-arrow van-cell__right-icon"
      style
    >
      <!--[-->
    </i>
  </div>
  <div
    class="van-cell van-cell--clickable"
    role="button"
    tabindex="0"
  >
    <div
      class="van-cell__title"
      style
    >
      <span>
        Success
      </span>
    </div>
    <i
      class="van-badge__wrapper van-icon van-icon-arrow van-cell__right-icon"
      style
    >
      <!--[-->
    </i>
  </div>
  <div
    class="van-cell van-cell--clickable"
    role="button"
    tabindex="0"
  >
    <div
      class="van-cell__title"
      style
    >
      <span>
        Fail
      </span>
    </div>
    <i
      class="van-badge__wrapper van-icon van-icon-arrow van-cell__right-icon"
      style
    >
      <!--[-->
    </i>
  </div>
</div>
<div>
  <!--[-->
  <div
    class="van-cell van-cell--clickable"
    role="button"
    tabindex="0"
  >
    <div
      class="van-cell__title"
      style
    >
      <span>
        Custom Icon
      </span>
    </div>
    <i
      class="van-badge__wrapper van-icon van-icon-arrow van-cell__right-icon"
      style
    >
      <!--[-->
    </i>
  </div>
  <div
    class="van-cell van-cell--clickable"
    role="button"
    tabindex="0"
  >
    <div
      class="van-cell__title"
      style
    >
      <span>
        Custom Image
      </span>
    </div>
    <i
      class="van-badge__wrapper van-icon van-icon-arrow van-cell__right-icon"
      style
    >
      <!--[-->
    </i>
  </div>
  <div
    class="van-cell van-cell--clickable"
    role="button"
    tabindex="0"
  >
    <div
      class="van-cell__title"
      style
    >
      <span>
        Loading Type
      </span>
    </div>
    <i
      class="van-badge__wrapper van-icon van-icon-arrow van-cell__right-icon"
      style
    >
      <!--[-->
    </i>
  </div>
</div>
<div>
  <!--[-->
  <div
    class="van-cell van-cell--clickable"
    role="button"
    tabindex="0"
  >
    <div
      class="van-cell__title"
      style
    >
      <span>
        Top
      </span>
    </div>
    <i
      class="van-badge__wrapper van-icon van-icon-arrow van-cell__right-icon"
      style
    >
      <!--[-->
    </i>
  </div>
  <div
    class="van-cell van-cell--clickable"
    role="button"
    tabindex="0"
  >
    <div
      class="van-cell__title"
      style
    >
      <span>
        Bottom
      </span>
    </div>
    <i
      class="van-badge__wrapper van-icon van-icon-arrow van-cell__right-icon"
      style
    >
      <!--[-->
    </i>
  </div>
</div>
<div>
  <!--[-->
  <div
    class="van-cell van-cell--clickable"
    role="button"
    tabindex="0"
  >
    <div
      class="van-cell__title"
      style
    >
      <span>
        Break All
      </span>
    </div>
    <i
      class="van-badge__wrapper van-icon van-icon-arrow van-cell__right-icon"
      style
    >
      <!--[-->
    </i>
  </div>
  <div
    class="van-cell van-cell--clickable"
    role="button"
    tabindex="0"
  >
    <div
      class="van-cell__title"
      style
    >
      <span>
        Break Word
      </span>
    </div>
    <i
      class="van-badge__wrapper van-icon van-icon-arrow van-cell__right-icon"
      style
    >
      <!--[-->
    </i>
  </div>
</div>
<div>
  <!--[-->
  <div
    class="van-cell van-cell--clickable"
    role="button"
    tabindex="0"
  >
    <div
      class="van-cell__title"
      style
    >
      <span>
        Update Message
      </span>
    </div>
    <i
      class="van-badge__wrapper van-icon van-icon-arrow van-cell__right-icon"
      style
    >
      <!--[-->
    </i>
  </div>
</div>
<div>
  <!--[-->
  <div
    class="van-cell van-cell--clickable"
    role="button"
    tabindex="0"
  >
    <div
      class="van-cell__title"
      style
    >
      <span>
        Use Toast Component
      </span>
    </div>
    <i
      class="van-badge__wrapper van-icon van-icon-arrow van-cell__right-icon"
      style
    >
      <!--[-->
    </i>
  </div>
  <!--[-->
</div>
`;
