// Vitest Snapshot v1, https://vitest.dev/guide/snapshot.html

exports[`should render demo and match snapshot 1`] = `
<div>
  <!--[-->
  <div class="van-cell van-cell--center">
    <div
      class="van-cell__title"
      style
    >
      <span>
        Basic Usage
      </span>
    </div>
    <div class="van-cell__value">
      <!--[-->
      <div
        role="group"
        class="van-stepper"
      >
        <button
          type="button"
          style
          class="van-stepper__minus van-stepper__minus--disabled"
          aria-disabled="true"
        >
        </button>
        <input
          type="text"
          role="spinbutton"
          class="van-stepper__input"
          value="1"
          style
          inputmode="decimal"
          aria-valuemax="Infinity"
          aria-valuemin="1"
          aria-valuenow="1"
        >
        <button
          type="button"
          style
          class="van-stepper__plus van-haptics-feedback"
        >
        </button>
      </div>
    </div>
  </div>
  <div class="van-cell van-cell--center">
    <div
      class="van-cell__title"
      style
    >
      <span>
        Step
      </span>
    </div>
    <div class="van-cell__value">
      <!--[-->
      <div
        role="group"
        class="van-stepper"
      >
        <button
          type="button"
          style
          class="van-stepper__minus van-stepper__minus--disabled"
          aria-disabled="true"
        >
        </button>
        <input
          type="text"
          role="spinbutton"
          class="van-stepper__input"
          value="1"
          style
          inputmode="decimal"
          aria-valuemax="Infinity"
          aria-valuemin="1"
          aria-valuenow="1"
        >
        <button
          type="button"
          style
          class="van-stepper__plus van-haptics-feedback"
        >
        </button>
      </div>
    </div>
  </div>
  <div class="van-cell van-cell--center">
    <div
      class="van-cell__title"
      style
    >
      <span>
        Range
      </span>
    </div>
    <div class="van-cell__value">
      <!--[-->
      <div
        role="group"
        class="van-stepper"
      >
        <button
          type="button"
          style
          class="van-stepper__minus van-stepper__minus--disabled"
          aria-disabled="true"
        >
        </button>
        <input
          type="text"
          role="spinbutton"
          class="van-stepper__input"
          value="5"
          style
          inputmode="decimal"
          aria-valuemax="8"
          aria-valuemin="5"
          aria-valuenow="5"
        >
        <button
          type="button"
          style
          class="van-stepper__plus van-haptics-feedback"
        >
        </button>
      </div>
    </div>
  </div>
  <div class="van-cell van-cell--center">
    <div
      class="van-cell__title"
      style
    >
      <span>
        Integer
      </span>
    </div>
    <div class="van-cell__value">
      <!--[-->
      <div
        role="group"
        class="van-stepper"
      >
        <button
          type="button"
          style
          class="van-stepper__minus van-stepper__minus--disabled"
          aria-disabled="true"
        >
        </button>
        <input
          type="tel"
          role="spinbutton"
          class="van-stepper__input"
          value="1"
          style
          inputmode="numeric"
          aria-valuemax="Infinity"
          aria-valuemin="1"
          aria-valuenow="1"
        >
        <button
          type="button"
          style
          class="van-stepper__plus van-haptics-feedback"
        >
        </button>
      </div>
    </div>
  </div>
  <div class="van-cell van-cell--center">
    <div
      class="van-cell__title"
      style
    >
      <span>
        Disabled
      </span>
    </div>
    <div class="van-cell__value">
      <!--[-->
      <div
        role="group"
        class="van-stepper"
      >
        <button
          type="button"
          style
          class="van-stepper__minus van-stepper__minus--disabled"
          aria-disabled="true"
        >
        </button>
        <input
          type="text"
          role="spinbutton"
          class="van-stepper__input"
          value="1"
          style
          disabled
          inputmode="decimal"
          aria-valuemax="Infinity"
          aria-valuemin="1"
          aria-valuenow="1"
        >
        <button
          type="button"
          style
          class="van-stepper__plus van-stepper__plus--disabled"
          aria-disabled="true"
        >
        </button>
      </div>
    </div>
  </div>
  <div class="van-cell van-cell--center">
    <div
      class="van-cell__title"
      style
    >
      <span>
        Disable Input
      </span>
    </div>
    <div class="van-cell__value">
      <!--[-->
      <div
        role="group"
        class="van-stepper"
      >
        <button
          type="button"
          style
          class="van-stepper__minus van-stepper__minus--disabled"
          aria-disabled="true"
        >
        </button>
        <input
          type="text"
          role="spinbutton"
          class="van-stepper__input"
          value="1"
          style
          readonly
          inputmode="decimal"
          aria-valuemax="Infinity"
          aria-valuemin="1"
          aria-valuenow="1"
        >
        <button
          type="button"
          style
          class="van-stepper__plus van-haptics-feedback"
        >
        </button>
      </div>
    </div>
  </div>
  <div class="van-cell van-cell--center">
    <div
      class="van-cell__title"
      style
    >
      <span>
        Decimal Length
      </span>
    </div>
    <div class="van-cell__value">
      <!--[-->
      <div
        role="group"
        class="van-stepper"
      >
        <button
          type="button"
          style
          class="van-stepper__minus van-stepper__minus--disabled"
          aria-disabled="true"
        >
        </button>
        <input
          type="text"
          role="spinbutton"
          class="van-stepper__input"
          value="1.0"
          style
          inputmode="decimal"
          aria-valuemax="Infinity"
          aria-valuemin="1"
          aria-valuenow="1.0"
        >
        <button
          type="button"
          style
          class="van-stepper__plus van-haptics-feedback"
        >
        </button>
      </div>
    </div>
  </div>
  <div class="van-cell van-cell--center">
    <div
      class="van-cell__title"
      style
    >
      <span>
        Custom Size
      </span>
    </div>
    <div class="van-cell__value">
      <!--[-->
      <div
        role="group"
        class="van-stepper"
      >
        <button
          type="button"
          style="width:32px;height:32px;"
          class="van-stepper__minus van-stepper__minus--disabled"
          aria-disabled="true"
        >
        </button>
        <input
          type="text"
          role="spinbutton"
          class="van-stepper__input"
          value="1"
          style="width:40px;height:32px;"
          inputmode="decimal"
          aria-valuemax="Infinity"
          aria-valuemin="1"
          aria-valuenow="1"
        >
        <button
          type="button"
          style="width:32px;height:32px;"
          class="van-stepper__plus van-haptics-feedback"
        >
        </button>
      </div>
    </div>
  </div>
  <div class="van-cell van-cell--center">
    <div
      class="van-cell__title"
      style
    >
      <span>
        Before Change
      </span>
    </div>
    <div class="van-cell__value">
      <!--[-->
      <div
        role="group"
        class="van-stepper"
      >
        <button
          type="button"
          style
          class="van-stepper__minus van-stepper__minus--disabled"
          aria-disabled="true"
        >
        </button>
        <input
          type="text"
          role="spinbutton"
          class="van-stepper__input"
          value="1"
          style
          inputmode="decimal"
          aria-valuemax="Infinity"
          aria-valuemin="1"
          aria-valuenow="1"
        >
        <button
          type="button"
          style
          class="van-stepper__plus van-haptics-feedback"
        >
        </button>
      </div>
    </div>
  </div>
  <div class="van-cell van-cell--center">
    <div
      class="van-cell__title"
      style
    >
      <span>
        Round Theme
      </span>
    </div>
    <div class="van-cell__value">
      <!--[-->
      <div
        role="group"
        class="van-stepper van-stepper--round"
      >
        <button
          type="button"
          style="width:22px;height:22px;"
          class="van-stepper__minus van-stepper__minus--disabled"
          aria-disabled="true"
        >
        </button>
        <input
          type="text"
          role="spinbutton"
          class="van-stepper__input"
          value="1"
          style="height:22px;"
          readonly
          inputmode="decimal"
          aria-valuemax="Infinity"
          aria-valuemin="1"
          aria-valuenow="1"
        >
        <button
          type="button"
          style="width:22px;height:22px;"
          class="van-stepper__plus van-haptics-feedback"
        >
        </button>
      </div>
    </div>
  </div>
</div>
`;
