// Vitest Snapshot v1, https://vitest.dev/guide/snapshot.html

exports[`should render demo and match snapshot 1`] = `
<div>
  <!--[-->
  <div class="van-contact-list">
    <div
      class="van-radio-group van-contact-list__group"
      role="radiogroup"
    >
      <!--[-->
      <!--[-->
      <div
        class="van-cell van-cell--center van-cell--clickable van-contact-list__item"
        role="button"
        tabindex="0"
      >
        <!--[-->
        <i
          class="van-badge__wrapper van-icon van-icon-edit van-contact-list__edit"
          style
        >
          <!--[-->
        </i>
        <div
          class="van-cell__title van-contact-list__item-title"
          style
        >
          <!--[-->
          John Snow，13000000000
          <span
            style
            class="van-tag van-tag--round van-tag--primary van-contact-list__item-tag"
          >
            <!--[-->
            default
          </span>
        </div>
        <!--[-->
        <div
          role="radio"
          class="van-radio van-contact-list__radio"
          tabindex="0"
          aria-checked="true"
        >
          <!--[-->
          <div
            class="van-radio__icon van-radio__icon--round van-radio__icon--checked"
            style="font-size:18px;"
          >
            <i
              class="van-badge__wrapper van-icon van-icon-success"
              style
            >
              <!--[-->
            </i>
          </div>
        </div>
      </div>
      <div
        class="van-cell van-cell--center van-cell--clickable van-contact-list__item"
        role="button"
        tabindex="0"
      >
        <!--[-->
        <i
          class="van-badge__wrapper van-icon van-icon-edit van-contact-list__edit"
          style
        >
          <!--[-->
        </i>
        <div
          class="van-cell__title van-contact-list__item-title"
          style
        >
          <!--[-->
          Ned Stark，1310000000
        </div>
        <!--[-->
        <div
          role="radio"
          class="van-radio van-contact-list__radio"
          tabindex="0"
          aria-checked="false"
        >
          <!--[-->
          <div
            class="van-radio__icon van-radio__icon--round"
            style="font-size:18px;"
          >
            <i
              class="van-badge__wrapper van-icon van-icon-success"
              style
            >
              <!--[-->
            </i>
          </div>
        </div>
      </div>
    </div>
    <div class="van-contact-list__bottom van-safe-area-bottom">
      <button
        type="button"
        class="van-button van-button--primary van-button--normal van-button--block van-button--round van-contact-list__add"
        style
      >
        <div class="van-button__content">
          <span class="van-button__text">
            Add contact
          </span>
        </div>
      </button>
    </div>
  </div>
</div>
`;
