// Vitest Snapshot v1, https://vitest.dev/guide/snapshot.html

exports[`should render demo and match snapshot 1`] = `
<!--[-->
<div>
  <!--[-->
  <div class="van-text-ellipsis">
  </div>
</div>
<div>
  <!--[-->
  <div class="van-text-ellipsis">
  </div>
</div>
<div>
  <!--[-->
  <div class="van-text-ellipsis">
  </div>
</div>
<div>
  <!--[-->
  <div>
    <!--[-->
    <div class="van-text-ellipsis">
    </div>
  </div>
  <div>
    <!--[-->
    <div class="van-text-ellipsis">
    </div>
  </div>
  <div>
    <!--[-->
    <div class="van-text-ellipsis">
    </div>
  </div>
</div>
`;
