// Vitest Snapshot v1, https://vitest.dev/guide/snapshot.html

exports[`should render demo and match snapshot 1`] = `
<!--[-->
<div>
  <!--[-->
  <div
    role="switch"
    class="van-switch van-switch--on"
    style
    tabindex="0"
    aria-checked="true"
  >
    <div class="van-switch__node">
    </div>
  </div>
</div>
<div>
  <!--[-->
  <div
    role="switch"
    class="van-switch van-switch--on van-switch--disabled"
    style
    aria-checked="true"
  >
    <div class="van-switch__node">
    </div>
  </div>
</div>
<div>
  <!--[-->
  <div
    role="switch"
    class="van-switch van-switch--on van-switch--loading"
    style
    tabindex="0"
    aria-checked="true"
  >
    <div class="van-switch__node">
      <div
        class="van-loading van-loading--circular van-switch__loading"
        aria-live="polite"
        aria-busy="true"
      >
        <span
          class="van-loading__spinner van-loading__spinner--circular"
          style
        >
          <svg
            class="van-loading__circular"
            viewbox="25 25 50 50"
          >
            <circle
              cx="50"
              cy="50"
              r="20"
              fill="none"
            >
            </circle>
          </svg>
        </span>
      </div>
    </div>
  </div>
</div>
<div>
  <!--[-->
  <div
    role="switch"
    class="van-switch van-switch--on"
    style="font-size:22px;"
    tabindex="0"
    aria-checked="true"
  >
    <div class="van-switch__node">
    </div>
  </div>
</div>
<div>
  <!--[-->
  <div
    role="switch"
    class="van-switch van-switch--on"
    style="background-color:#ee0a24;"
    tabindex="0"
    aria-checked="true"
  >
    <div class="van-switch__node">
    </div>
  </div>
</div>
<div>
  <!--[-->
  <div
    role="switch"
    class="van-switch van-switch--on"
    style
    tabindex="0"
    aria-checked="true"
  >
    <div class="van-switch__node">
      <!--[-->
      <div class="icon-wrapper">
        <i
          class="van-badge__wrapper van-icon van-icon-success"
          style
        >
          <!--[-->
        </i>
      </div>
    </div>
  </div>
</div>
<div>
  <!--[-->
  <div
    role="switch"
    class="van-switch van-switch--on"
    style
    tabindex="0"
    aria-checked="true"
  >
    <div class="van-switch__node">
    </div>
  </div>
</div>
<div>
  <!--[-->
  <div class="van-cell van-cell--center">
    <div
      class="van-cell__title"
      style
    >
      <span>
        Title
      </span>
    </div>
    <!--[-->
    <div
      role="switch"
      class="van-switch van-switch--on"
      style
      tabindex="0"
      aria-checked="true"
    >
      <div class="van-switch__node">
      </div>
    </div>
  </div>
</div>
`;
