// Vitest Snapshot v1, https://vitest.dev/guide/snapshot.html

exports[`should render demo and match snapshot 1`] = `
<!--[-->
<div>
  <!--[-->
  <div class="van-cell">
    <div
      class="van-cell__title"
      style
    >
      <span>
        primary
      </span>
    </div>
    <div class="van-cell__value">
      <!--[-->
      <span
        style
        class="van-tag van-tag--primary"
      >
        <!--[-->
        Tag
      </span>
    </div>
  </div>
  <div class="van-cell">
    <div
      class="van-cell__title"
      style
    >
      <span>
        success
      </span>
    </div>
    <div class="van-cell__value">
      <!--[-->
      <span
        style
        class="van-tag van-tag--success"
      >
        <!--[-->
        Tag
      </span>
    </div>
  </div>
  <div class="van-cell">
    <div
      class="van-cell__title"
      style
    >
      <span>
        danger
      </span>
    </div>
    <div class="van-cell__value">
      <!--[-->
      <span
        style
        class="van-tag van-tag--danger"
      >
        <!--[-->
        Tag
      </span>
    </div>
  </div>
  <div class="van-cell">
    <div
      class="van-cell__title"
      style
    >
      <span>
        warning
      </span>
    </div>
    <div class="van-cell__value">
      <!--[-->
      <span
        style
        class="van-tag van-tag--warning"
      >
        <!--[-->
        Tag
      </span>
    </div>
  </div>
</div>
<div>
  <!--[-->
  <div class="van-cell">
    <div
      class="van-cell__title"
      style
    >
      <span>
        Plain style
      </span>
    </div>
    <div class="van-cell__value">
      <!--[-->
      <span
        style
        class="van-tag van-tag--plain van-tag--primary"
      >
        <!--[-->
        Tag
      </span>
    </div>
  </div>
  <div class="van-cell">
    <div
      class="van-cell__title"
      style
    >
      <span>
        Round style
      </span>
    </div>
    <div class="van-cell__value">
      <!--[-->
      <span
        style
        class="van-tag van-tag--round van-tag--primary"
      >
        <!--[-->
        Tag
      </span>
    </div>
  </div>
  <div class="van-cell">
    <div
      class="van-cell__title"
      style
    >
      <span>
        Mark style
      </span>
    </div>
    <div class="van-cell__value">
      <!--[-->
      <span
        style
        class="van-tag van-tag--mark van-tag--primary"
      >
        <!--[-->
        Tag
      </span>
    </div>
  </div>
  <div class="van-cell">
    <div
      class="van-cell__title"
      style
    >
      <span>
        Closeable
      </span>
    </div>
    <div class="van-cell__value">
      <!--[-->
      <span
        style
        class="van-tag van-tag--medium van-tag--primary"
      >
        <!--[-->
        Tag
        <i
          class="van-badge__wrapper van-icon van-icon-cross van-tag__close van-haptics-feedback"
          style
        >
          <!--[-->
        </i>
      </span>
    </div>
  </div>
</div>
<div>
  <!--[-->
  <div class="van-cell">
    <div
      class="van-cell__title"
      style
    >
      <span>
        Small Size
      </span>
    </div>
    <div class="van-cell__value">
      <!--[-->
      <span
        style
        class="van-tag van-tag--primary"
      >
        <!--[-->
        Tag
      </span>
    </div>
  </div>
  <div class="van-cell">
    <div
      class="van-cell__title"
      style
    >
      <span>
        Medium Size
      </span>
    </div>
    <div class="van-cell__value">
      <!--[-->
      <span
        style
        class="van-tag van-tag--medium van-tag--primary"
      >
        <!--[-->
        Tag
      </span>
    </div>
  </div>
  <div class="van-cell">
    <div
      class="van-cell__title"
      style
    >
      <span>
        Large Size
      </span>
    </div>
    <div class="van-cell__value">
      <!--[-->
      <span
        style
        class="van-tag van-tag--large van-tag--primary"
      >
        <!--[-->
        Tag
      </span>
    </div>
  </div>
</div>
<div>
  <!--[-->
  <div class="van-cell">
    <div
      class="van-cell__title"
      style
    >
      <span>
        Background Color
      </span>
    </div>
    <div class="van-cell__value">
      <!--[-->
      <span
        style="background:#7232dd;"
        class="van-tag van-tag--default"
      >
        <!--[-->
        Tag
      </span>
    </div>
  </div>
  <div class="van-cell">
    <div
      class="van-cell__title"
      style
    >
      <span>
        Text Color
      </span>
    </div>
    <div class="van-cell__value">
      <!--[-->
      <span
        style="color:#ad0000;background:#ffe1e1;"
        class="van-tag van-tag--default"
      >
        <!--[-->
        Tag
      </span>
    </div>
  </div>
  <div class="van-cell">
    <div
      class="van-cell__title"
      style
    >
      <span>
        Plain Color
      </span>
    </div>
    <div class="van-cell__value">
      <!--[-->
      <span
        style="color:#7232dd;border-color:#7232dd;"
        class="van-tag van-tag--plain van-tag--default"
      >
        <!--[-->
        Tag
      </span>
    </div>
  </div>
</div>
`;
