// Vitest Snapshot v1, https://vitest.dev/guide/snapshot.html

exports[`should render demo and match snapshot 1`] = `
<!--[-->
<div>
  <!--[-->
  <div
    class="van-cell van-cell--center van-cell--clickable van-cell--borderless van-contact-card van-contact-card--add"
    role="button"
    tabindex="0"
  >
    <i
      class="van-badge__wrapper van-icon van-icon-add-square van-cell__left-icon"
      style
    >
      <!--[-->
    </i>
    <div
      class="van-cell__title van-contact-card__title"
      style
    >
      <!--[-->
      Add contact
    </div>
    <i
      class="van-badge__wrapper van-icon van-icon-arrow van-cell__right-icon"
      style
    >
      <!--[-->
    </i>
  </div>
</div>
<div>
  <!--[-->
  <div
    class="van-cell van-cell--center van-cell--clickable van-cell--borderless van-contact-card van-contact-card--edit"
    role="button"
    tabindex="0"
  >
    <i
      class="van-badge__wrapper van-icon van-icon-contact van-cell__left-icon"
      style
    >
      <!--[-->
    </i>
    <div
      class="van-cell__title van-contact-card__title"
      style
    >
      <!--[-->
      <div>
        Name：John Snow
      </div>
      <div>
        Phone：13000000000
      </div>
    </div>
    <i
      class="van-badge__wrapper van-icon van-icon-arrow van-cell__right-icon"
      style
    >
      <!--[-->
    </i>
  </div>
</div>
<div>
  <!--[-->
  <div class="van-cell van-cell--center van-cell--borderless van-contact-card van-contact-card--edit">
    <i
      class="van-badge__wrapper van-icon van-icon-contact van-cell__left-icon"
      style
    >
      <!--[-->
    </i>
    <div
      class="van-cell__title van-contact-card__title"
      style
    >
      <!--[-->
      <div>
        Name：John Snow
      </div>
      <div>
        Phone：13000000000
      </div>
    </div>
  </div>
</div>
`;
