// Vitest Snapshot v1, https://vitest.dev/guide/snapshot.html

exports[`should render demo and match snapshot 1`] = `
<div>
  <div class="van-skeleton van-skeleton--animate">
    <div class="van-skeleton__content">
      <h3 class="van-skeleton-title">
      </h3>
      <div
        class="van-skeleton-paragraph"
        style="width: 100%;"
      >
      </div>
      <div
        class="van-skeleton-paragraph"
        style="width: 100%;"
      >
      </div>
      <div
        class="van-skeleton-paragraph"
        style="width: 60%;"
      >
      </div>
    </div>
  </div>
</div>
<div>
  <div class="van-skeleton van-skeleton--animate">
    <div class="van-skeleton-avatar van-skeleton-avatar--round">
    </div>
    <div class="van-skeleton__content">
      <h3 class="van-skeleton-title">
      </h3>
      <div
        class="van-skeleton-paragraph"
        style="width: 100%;"
      >
      </div>
      <div
        class="van-skeleton-paragraph"
        style="width: 100%;"
      >
      </div>
      <div
        class="van-skeleton-paragraph"
        style="width: 60%;"
      >
      </div>
    </div>
  </div>
</div>
<div>
  <div
    role="switch"
    class="van-switch"
    tabindex="0"
    aria-checked="false"
  >
    <div class="van-switch__node">
    </div>
  </div>
  <div class="van-skeleton van-skeleton--animate">
    <div class="van-skeleton-avatar van-skeleton-avatar--round">
    </div>
    <div class="van-skeleton__content">
      <h3 class="van-skeleton-title">
      </h3>
      <div
        class="van-skeleton-paragraph"
        style="width: 100%;"
      >
      </div>
      <div
        class="van-skeleton-paragraph"
        style="width: 100%;"
      >
      </div>
      <div
        class="van-skeleton-paragraph"
        style="width: 60%;"
      >
      </div>
    </div>
  </div>
</div>
<div>
  <div class="van-skeleton van-skeleton--animate">
    <div style="display: flex; width: 100%;">
      <div class="van-skeleton-image van-skeleton-image--square">
        <i class="van-badge__wrapper van-icon van-icon-photo van-skeleton-image__icon">
        </i>
      </div>
      <div style="flex: 1; margin-left: 16px;">
        <div
          class="van-skeleton-paragraph"
          style="width: 60%;"
        >
        </div>
        <div
          class="van-skeleton-paragraph"
          style="width: 100%;"
        >
        </div>
        <div
          class="van-skeleton-paragraph"
          style="width: 100%;"
        >
        </div>
        <div
          class="van-skeleton-paragraph"
          style="width: 100%;"
        >
        </div>
      </div>
    </div>
  </div>
</div>
`;
