// Vitest Snapshot v1, https://vitest.dev/guide/snapshot.html

exports[`should render demo and match snapshot 1`] = `
<!--[-->
<div>
  <!--[-->
  <div
    role="alert"
    class="van-notice-bar"
    style
  >
    <i
      class="van-badge__wrapper van-icon van-icon-volume-o van-notice-bar__left-icon"
      style
    >
      <!--[-->
    </i>
    <div
      role="marquee"
      class="van-notice-bar__wrap"
    >
      <div
        style="transform:;transition-duration:0s;"
        class="van-notice-bar__content"
      >
        Technology is the common soul of the people who developed it.
      </div>
    </div>
  </div>
</div>
<div>
  <!--[-->
  <div
    role="alert"
    class="van-notice-bar"
    style
  >
    <div
      role="marquee"
      class="van-notice-bar__wrap"
    >
      <div
        style="transform:;transition-duration:0s;"
        class="van-notice-bar__content"
      >
        Short Content
      </div>
    </div>
  </div>
  <div
    role="alert"
    class="van-notice-bar"
    style
  >
    <div
      role="marquee"
      class="van-notice-bar__wrap"
    >
      <div
        style="transform:;transition-duration:0s;"
        class="van-notice-bar__content van-ellipsis"
      >
        Technology is the common soul of the people who developed it.
      </div>
    </div>
  </div>
</div>
<div>
  <!--[-->
  <div
    role="alert"
    class="van-notice-bar van-notice-bar--wrapable"
    style
  >
    <div
      role="marquee"
      class="van-notice-bar__wrap"
    >
      <div
        style="transform:;transition-duration:0s;"
        class="van-notice-bar__content"
      >
        Technology is the common soul of the people who developed it.
      </div>
    </div>
  </div>
</div>
<div>
  <!--[-->
  <div
    role="alert"
    class="van-notice-bar"
    style
  >
    <div
      role="marquee"
      class="van-notice-bar__wrap"
    >
      <div
        style="transform:;transition-duration:0s;"
        class="van-notice-bar__content"
      >
        Short Content
      </div>
    </div>
    <i
      class="van-badge__wrapper van-icon van-icon-cross van-notice-bar__right-icon"
      style
    >
      <!--[-->
    </i>
  </div>
  <div
    role="alert"
    class="van-notice-bar"
    style
  >
    <div
      role="marquee"
      class="van-notice-bar__wrap"
    >
      <div
        style="transform:;transition-duration:0s;"
        class="van-notice-bar__content"
      >
        Short Content
      </div>
    </div>
    <i
      class="van-badge__wrapper van-icon van-icon-arrow van-notice-bar__right-icon"
      style
    >
      <!--[-->
    </i>
  </div>
</div>
<div>
  <!--[-->
  <div
    role="alert"
    class="van-notice-bar"
    style="color:#1989fa;background:#ecf9ff;"
  >
    <i
      class="van-badge__wrapper van-icon van-icon-info-o van-notice-bar__left-icon"
      style
    >
      <!--[-->
    </i>
    <div
      role="marquee"
      class="van-notice-bar__wrap"
    >
      <div
        style="transform:;transition-duration:0s;"
        class="van-notice-bar__content"
      >
        Short Content
      </div>
    </div>
  </div>
</div>
<div>
  <!--[-->
  <div
    role="alert"
    class="van-notice-bar"
    style
  >
    <i
      class="van-badge__wrapper van-icon van-icon-volume-o van-notice-bar__left-icon"
      style
    >
      <!--[-->
    </i>
    <div
      role="marquee"
      class="van-notice-bar__wrap"
    >
      <div
        style="transform:;transition-duration:0s;"
        class="van-notice-bar__content van-ellipsis"
      >
        <!--[-->
        <div class="van-swipe notice-swipe">
          <div
            style="transition-duration:500ms;transform:translateY(0px);"
            class="van-swipe__track van-swipe__track--vertical"
          >
            <!--[-->
            <div
              class="van-swipe-item"
              style
            >
              <!--[-->
              Content 1
            </div>
            <div
              class="van-swipe-item"
              style
            >
              <!--[-->
              Content 2
            </div>
            <div
              class="van-swipe-item"
              style
            >
              <!--[-->
              Content 3
            </div>
          </div>
        </div>
      </div>
    </div>
  </div>
</div>
`;
