// Vitest Snapshot v1, https://vitest.dev/guide/snapshot.html

exports[`should skeleton avatar render correctly when change props 1`] = `
<div
  class="van-skeleton-avatar van-skeleton-avatar--square"
  style="width: 50px; height: 50px;"
>
</div>
`;

exports[`should skeleton avatar render correctly without props 1`] = `
<div class="van-skeleton-avatar van-skeleton-avatar--round">
</div>
`;
