// Vitest Snapshot v1, https://vitest.dev/guide/snapshot.html

exports[`should skeleton title works 1`] = `"<h3 class="van-skeleton-title"></h3>"`;

exports[`should skeleton title works with props 1`] = `"<h3 class="van-skeleton-title van-skeleton-title--round" style="width: 200rem;"></h3>"`;
